// Jest Snapshot v1, https://goo.gl/fbAQLP

exports[`Home snapshots contain correct content 1`] = `
<div
  id="content"
>
  Home
</div>
`;
